// Jest Snapshot v1, https://goo.gl/fbAQLP

exports[`NavBar functionality can open add post modal and able to click and change theme 1`] = `
"Snapshot Diff:
Compared values have no visual difference."
`;
